0 verbose cli /Users/davidcote/.nvm/versions/node/v20.11.0/bin/node /Users/davidcote/.nvm/versions/node/v20.11.0/bin/npm
1 info using npm@10.9.1
2 info using node@v20.11.0
3 silly config load:file:/Users/davidcote/.nvm/versions/node/v20.11.0/lib/node_modules/npm/npmrc
4 silly config load:file:/Users/davidcote/Desktop/empire_of_gold/.npmrc
5 silly config load:file:/Users/davidcote/.npmrc
6 silly config load:file:/Users/davidcote/.nvm/versions/node/v20.11.0/etc/npmrc
7 verbose title npm install
8 verbose argv "install" "--legacy-peer-deps" "--cache" "/Users/davidcote/Desktop/empire_of_gold/.npm-cache" "--prefer-offline" "--no-audit" "--no-fund"
9 verbose logfile logs-max:10 dir:/Users/davidcote/Desktop/empire_of_gold/.npm-cache/_logs/2026-08-02T02_44_39_278Z-
10 verbose logfile /Users/davidcote/Desktop/empire_of_gold/.npm-cache/_logs/2026-08-02T02_44_39_278Z-debug-0.log
11 silly logfile done cleaning log files
12 silly packumentCache heap:4345298944 maxSize:1086324736 maxEntrySize:543162368
13 http fetch GET 403 https://registry.npmjs.org/npm 13ms
14 silly idealTree buildDeps
15 silly reify moves {}
16 verbose reify failed optional dependency /Users/davidcote/Desktop/empire_of_gold/node_modules/@rollup/rollup-win32-x64-msvc
17 silly reify mark deleted [
17 silly reify   '/Users/davidcote/Desktop/empire_of_gold/node_modules/@rollup/rollup-win32-x64-msvc'
17 silly reify ]
18 verbose reify failed optional dependency /Users/davidcote/Desktop/empire_of_gold/node_modules/@rollup/rollup-win32-x64-gnu
19 silly reify mark deleted [
19 silly reify   '/Users/davidcote/Desktop/empire_of_gold/node_modules/@rollup/rollup-win32-x64-gnu'
19 silly reify ]
20 verbose reify failed optional dependency /Users/davidcote/Desktop/empire_of_gold/node_modules/@rollup/rollup-win32-ia32-msvc
21 silly reify mark deleted [
21 silly reify   '/Users/davidcote/Desktop/empire_of_gold/node_modules/@rollup/rollup-win32-ia32-msvc'
21 silly reify ]
22 verbose reify failed optional dependency /Users/davidcote/Desktop/empire_of_gold/node_modules/@rollup/rollup-win32-arm64-msvc
23 silly reify mark deleted [
23 silly reify   '/Users/davidcote/Desktop/empire_of_gold/node_modules/@rollup/rollup-win32-arm64-msvc'
23 silly reify ]
24 verbose reify failed optional dependency /Users/davidcote/Desktop/empire_of_gold/node_modules/@rollup/rollup-openharmony-arm64
25 silly reify mark deleted [
25 silly reify   '/Users/davidcote/Desktop/empire_of_gold/node_modules/@rollup/rollup-openharmony-arm64'
25 silly reify ]
26 verbose reify failed optional dependency /Users/davidcote/Desktop/empire_of_gold/node_modules/@rollup/rollup-openbsd-x64
27 silly reify mark deleted [
27 silly reify   '/Users/davidcote/Desktop/empire_of_gold/node_modules/@rollup/rollup-openbsd-x64'
27 silly reify ]
28 verbose reify failed optional dependency /Users/davidcote/Desktop/empire_of_gold/node_modules/@rollup/rollup-linux-x64-musl
29 silly reify mark deleted [
29 silly reify   '/Users/davidcote/Desktop/empire_of_gold/node_modules/@rollup/rollup-linux-x64-musl'
29 silly reify ]
30 verbose reify failed optional dependency /Users/davidcote/Desktop/empire_of_gold/node_modules/@rollup/rollup-linux-x64-gnu
31 silly reify mark deleted [
31 silly reify   '/Users/davidcote/Desktop/empire_of_gold/node_modules/@rollup/rollup-linux-x64-gnu'
31 silly reify ]
32 verbose reify failed optional dependency /Users/davidcote/Desktop/empire_of_gold/node_modules/@rollup/rollup-linux-s390x-gnu
33 silly reify mark deleted [
33 silly reify   '/Users/davidcote/Desktop/empire_of_gold/node_modules/@rollup/rollup-linux-s390x-gnu'
33 silly reify ]
34 verbose reify failed optional dependency /Users/davidcote/Desktop/empire_of_gold/node_modules/@rollup/rollup-linux-riscv64-musl
35 silly reify mark deleted [
35 silly reify   '/Users/davidcote/Desktop/empire_of_gold/node_modules/@rollup/rollup-linux-riscv64-musl'
35 silly reify ]
36 verbose reify failed optional dependency /Users/davidcote/Desktop/empire_of_gold/node_modules/@rollup/rollup-linux-riscv64-gnu
37 silly reify mark deleted [
37 silly reify   '/Users/davidcote/Desktop/empire_of_gold/node_modules/@rollup/rollup-linux-riscv64-gnu'
37 silly reify ]
38 verbose reify failed optional dependency /Users/davidcote/Desktop/empire_of_gold/node_modules/@rollup/rollup-linux-ppc64-musl
39 silly reify mark deleted [
39 silly reify   '/Users/davidcote/Desktop/empire_of_gold/node_modules/@rollup/rollup-linux-ppc64-musl'
39 silly reify ]
40 verbose reify failed optional dependency /Users/davidcote/Desktop/empire_of_gold/node_modules/@rollup/rollup-linux-ppc64-gnu
41 silly reify mark deleted [
41 silly reify   '/Users/davidcote/Desktop/empire_of_gold/node_modules/@rollup/rollup-linux-ppc64-gnu'
41 silly reify ]
42 verbose reify failed optional dependency /Users/davidcote/Desktop/empire_of_gold/node_modules/@rollup/rollup-linux-loong64-musl
43 silly reify mark deleted [
43 silly reify   '/Users/davidcote/Desktop/empire_of_gold/node_modules/@rollup/rollup-linux-loong64-musl'
43 silly reify ]
44 verbose reify failed optional dependency /Users/davidcote/Desktop/empire_of_gold/node_modules/@rollup/rollup-linux-loong64-gnu
45 silly reify mark deleted [
45 silly reify   '/Users/davidcote/Desktop/empire_of_gold/node_modules/@rollup/rollup-linux-loong64-gnu'
45 silly reify ]
46 verbose reify failed optional dependency /Users/davidcote/Desktop/empire_of_gold/node_modules/@rollup/rollup-linux-arm64-musl
47 silly reify mark deleted [
47 silly reify   '/Users/davidcote/Desktop/empire_of_gold/node_modules/@rollup/rollup-linux-arm64-musl'
47 silly reify ]
48 verbose reify failed optional dependency /Users/davidcote/Desktop/empire_of_gold/node_modules/@rollup/rollup-linux-arm64-gnu
49 silly reify mark deleted [
49 silly reify   '/Users/davidcote/Desktop/empire_of_gold/node_modules/@rollup/rollup-linux-arm64-gnu'
49 silly reify ]
50 verbose reify failed optional dependency /Users/davidcote/Desktop/empire_of_gold/node_modules/@rollup/rollup-linux-arm-musleabihf
51 silly reify mark deleted [
51 silly reify   '/Users/davidcote/Desktop/empire_of_gold/node_modules/@rollup/rollup-linux-arm-musleabihf'
51 silly reify ]
52 verbose reify failed optional dependency /Users/davidcote/Desktop/empire_of_gold/node_modules/@rollup/rollup-linux-arm-gnueabihf
53 silly reify mark deleted [
53 silly reify   '/Users/davidcote/Desktop/empire_of_gold/node_modules/@rollup/rollup-linux-arm-gnueabihf'
53 silly reify ]
54 verbose reify failed optional dependency /Users/davidcote/Desktop/empire_of_gold/node_modules/@rollup/rollup-freebsd-x64
55 silly reify mark deleted [
55 silly reify   '/Users/davidcote/Desktop/empire_of_gold/node_modules/@rollup/rollup-freebsd-x64'
55 silly reify ]
56 verbose reify failed optional dependency /Users/davidcote/Desktop/empire_of_gold/node_modules/@rollup/rollup-freebsd-arm64
57 silly reify mark deleted [
57 silly reify   '/Users/davidcote/Desktop/empire_of_gold/node_modules/@rollup/rollup-freebsd-arm64'
57 silly reify ]
58 verbose reify failed optional dependency /Users/davidcote/Desktop/empire_of_gold/node_modules/@rollup/rollup-darwin-x64
59 silly reify mark deleted [
59 silly reify   '/Users/davidcote/Desktop/empire_of_gold/node_modules/@rollup/rollup-darwin-x64'
59 silly reify ]
60 verbose reify failed optional dependency /Users/davidcote/Desktop/empire_of_gold/node_modules/@rollup/rollup-android-arm64
61 silly reify mark deleted [
61 silly reify   '/Users/davidcote/Desktop/empire_of_gold/node_modules/@rollup/rollup-android-arm64'
61 silly reify ]
62 verbose reify failed optional dependency /Users/davidcote/Desktop/empire_of_gold/node_modules/@rollup/rollup-android-arm-eabi
63 silly reify mark deleted [
63 silly reify   '/Users/davidcote/Desktop/empire_of_gold/node_modules/@rollup/rollup-android-arm-eabi'
63 silly reify ]
64 verbose reify failed optional dependency /Users/davidcote/Desktop/empire_of_gold/node_modules/@napi-rs/lzma-linux-x64-gnu
65 silly reify mark deleted [
65 silly reify   '/Users/davidcote/Desktop/empire_of_gold/node_modules/@napi-rs/lzma-linux-x64-gnu'
65 silly reify ]
66 verbose reify failed optional dependency /Users/davidcote/Desktop/empire_of_gold/node_modules/@esbuild/win32-x64
67 silly reify mark deleted [
67 silly reify   '/Users/davidcote/Desktop/empire_of_gold/node_modules/@esbuild/win32-x64'
67 silly reify ]
68 verbose reify failed optional dependency /Users/davidcote/Desktop/empire_of_gold/node_modules/@esbuild/win32-ia32
69 silly reify mark deleted [
69 silly reify   '/Users/davidcote/Desktop/empire_of_gold/node_modules/@esbuild/win32-ia32'
69 silly reify ]
70 verbose reify failed optional dependency /Users/davidcote/Desktop/empire_of_gold/node_modules/@esbuild/win32-arm64
71 silly reify mark deleted [
71 silly reify   '/Users/davidcote/Desktop/empire_of_gold/node_modules/@esbuild/win32-arm64'
71 silly reify ]
72 verbose reify failed optional dependency /Users/davidcote/Desktop/empire_of_gold/node_modules/@esbuild/sunos-x64
73 silly reify mark deleted [
73 silly reify   '/Users/davidcote/Desktop/empire_of_gold/node_modules/@esbuild/sunos-x64'
73 silly reify ]
74 verbose reify failed optional dependency /Users/davidcote/Desktop/empire_of_gold/node_modules/@esbuild/openbsd-x64
75 silly reify mark deleted [
75 silly reify   '/Users/davidcote/Desktop/empire_of_gold/node_modules/@esbuild/openbsd-x64'
75 silly reify ]
76 verbose reify failed optional dependency /Users/davidcote/Desktop/empire_of_gold/node_modules/@esbuild/netbsd-x64
77 silly reify mark deleted [
77 silly reify   '/Users/davidcote/Desktop/empire_of_gold/node_modules/@esbuild/netbsd-x64'
77 silly reify ]
78 verbose reify failed optional dependency /Users/davidcote/Desktop/empire_of_gold/node_modules/@esbuild/linux-x64
79 silly reify mark deleted [
79 silly reify   '/Users/davidcote/Desktop/empire_of_gold/node_modules/@esbuild/linux-x64'
79 silly reify ]
80 verbose reify failed optional dependency /Users/davidcote/Desktop/empire_of_gold/node_modules/@esbuild/linux-s390x
81 silly reify mark deleted [
81 silly reify   '/Users/davidcote/Desktop/empire_of_gold/node_modules/@esbuild/linux-s390x'
81 silly reify ]
82 verbose reify failed optional dependency /Users/davidcote/Desktop/empire_of_gold/node_modules/@esbuild/linux-riscv64
83 silly reify mark deleted [
83 silly reify   '/Users/davidcote/Desktop/empire_of_gold/node_modules/@esbuild/linux-riscv64'
83 silly reify ]
84 verbose reify failed optional dependency /Users/davidcote/Desktop/empire_of_gold/node_modules/@esbuild/linux-ppc64
85 silly reify mark deleted [
85 silly reify   '/Users/davidcote/Desktop/empire_of_gold/node_modules/@esbuild/linux-ppc64'
85 silly reify ]
86 verbose reify failed optional dependency /Users/davidcote/Desktop/empire_of_gold/node_modules/@esbuild/linux-mips64el
87 silly reify mark deleted [
87 silly reify   '/Users/davidcote/Desktop/empire_of_gold/node_modules/@esbuild/linux-mips64el'
87 silly reify ]
88 verbose reify failed optional dependency /Users/davidcote/Desktop/empire_of_gold/node_modules/@esbuild/linux-loong64
89 silly reify mark deleted [
89 silly reify   '/Users/davidcote/Desktop/empire_of_gold/node_modules/@esbuild/linux-loong64'
89 silly reify ]
90 verbose reify failed optional dependency /Users/davidcote/Desktop/empire_of_gold/node_modules/@esbuild/linux-ia32
91 silly reify mark deleted [
91 silly reify   '/Users/davidcote/Desktop/empire_of_gold/node_modules/@esbuild/linux-ia32'
91 silly reify ]
92 verbose reify failed optional dependency /Users/davidcote/Desktop/empire_of_gold/node_modules/@esbuild/linux-arm64
93 silly reify mark deleted [
93 silly reify   '/Users/davidcote/Desktop/empire_of_gold/node_modules/@esbuild/linux-arm64'
93 silly reify ]
94 verbose reify failed optional dependency /Users/davidcote/Desktop/empire_of_gold/node_modules/@esbuild/linux-arm
95 silly reify mark deleted [
95 silly reify   '/Users/davidcote/Desktop/empire_of_gold/node_modules/@esbuild/linux-arm'
95 silly reify ]
96 verbose reify failed optional dependency /Users/davidcote/Desktop/empire_of_gold/node_modules/@esbuild/freebsd-x64
97 silly reify mark deleted [
97 silly reify   '/Users/davidcote/Desktop/empire_of_gold/node_modules/@esbuild/freebsd-x64'
97 silly reify ]
98 verbose reify failed optional dependency /Users/davidcote/Desktop/empire_of_gold/node_modules/@esbuild/freebsd-arm64
99 silly reify mark deleted [
99 silly reify   '/Users/davidcote/Desktop/empire_of_gold/node_modules/@esbuild/freebsd-arm64'
99 silly reify ]
100 verbose reify failed optional dependency /Users/davidcote/Desktop/empire_of_gold/node_modules/@esbuild/darwin-x64
101 silly reify mark deleted [
101 silly reify   '/Users/davidcote/Desktop/empire_of_gold/node_modules/@esbuild/darwin-x64'
101 silly reify ]
102 verbose reify failed optional dependency /Users/davidcote/Desktop/empire_of_gold/node_modules/@esbuild/android-x64
103 silly reify mark deleted [
103 silly reify   '/Users/davidcote/Desktop/empire_of_gold/node_modules/@esbuild/android-x64'
103 silly reify ]
104 verbose reify failed optional dependency /Users/davidcote/Desktop/empire_of_gold/node_modules/@esbuild/android-arm64
105 silly reify mark deleted [
105 silly reify   '/Users/davidcote/Desktop/empire_of_gold/node_modules/@esbuild/android-arm64'
105 silly reify ]
106 verbose reify failed optional dependency /Users/davidcote/Desktop/empire_of_gold/node_modules/@esbuild/android-arm
107 silly reify mark deleted [
107 silly reify   '/Users/davidcote/Desktop/empire_of_gold/node_modules/@esbuild/android-arm'
107 silly reify ]
108 verbose reify failed optional dependency /Users/davidcote/Desktop/empire_of_gold/node_modules/@esbuild/aix-ppc64
109 silly reify mark deleted [
109 silly reify   '/Users/davidcote/Desktop/empire_of_gold/node_modules/@esbuild/aix-ppc64'
109 silly reify ]
110 http cache fsevents@https://registry.npmjs.org/fsevents/-/fsevents-2.3.3.tgz 1ms (cache hit)
111 silly tarball no local data for fsevents@https://registry.npmjs.org/fsevents/-/fsevents-2.3.3.tgz. Extracting by manifest.
112 http fetch GET 403 https://registry.npmjs.org/fsevents/-/fsevents-2.3.3.tgz 3ms (cache skip)
113 verbose reify failed optional dependency /Users/davidcote/Desktop/empire_of_gold/node_modules/fsevents
114 silly reify mark deleted [ '/Users/davidcote/Desktop/empire_of_gold/node_modules/fsevents' ]
115 silly ADD
116 silly ADD
117 silly ADD
118 silly ADD
119 silly ADD
120 silly ADD
121 silly ADD
122 silly ADD
123 silly ADD
124 silly ADD
125 silly ADD
126 silly ADD
127 silly ADD
128 silly ADD
129 silly ADD
130 silly ADD
131 silly ADD
132 silly ADD
133 silly ADD
134 silly ADD
135 silly ADD
136 silly ADD
137 silly ADD
138 silly ADD
139 silly ADD
140 silly ADD
141 silly ADD
142 silly ADD
143 silly ADD
144 silly ADD
145 silly ADD
146 silly ADD
147 silly ADD
148 silly ADD
149 silly ADD
150 silly ADD
151 silly ADD
152 silly ADD
153 silly ADD
154 silly ADD
155 silly ADD
156 silly ADD
157 silly ADD
158 silly ADD
159 silly ADD
160 silly ADD
161 silly ADD
162 silly ADD
163 verbose cwd /Users/davidcote/Desktop/empire_of_gold
164 verbose os Darwin 23.6.0
165 verbose node v20.11.0
166 verbose npm  v10.9.1
167 verbose exit 0
168 info ok
